// Jest Snapshot v1, https://goo.gl/fbAQLP

exports[`renders correctly 1`] = `
<nav
  className="container pt-5"
>
  <div
    className="row"
  >
    <div
      className="col-md-4 title-cont"
    >
      <h1>
        Let's do some math!
      </h1>
    </div>
    <div
      className="col-md-8 calculatrice"
    >
      <div
        className="row"
      >
        <div
          className="col-lg-12 text-end bg-white text-black pb-5 pt-5 border-secondary border-right"
        >
          0
          
          0
        </div>
      </div>
      <div
        className="row border-bottom border-secondary"
      >
        <button
          className="col-md-3 border-right border-secondary text-center bg-grey pb-5 pt-5"
          name="AC"
          onClick={[Function]}
          type="button"
        >
          AC
        </button>
        <button
          className="col-md-3 border-right border-secondary text-center bg-grey pb-5 pt-5"
          name="+/-"
          onClick={[Function]}
          type="button"
        >
          +/-
        </button>
        <button
          className="col-md-3 border-right border-secondary text-center bg-grey pb-5 pt-5"
          name="%"
          onClick={[Function]}
          type="button"
        >
          %
        </button>
        <button
          className="col-md-3 border-right border-secondary text-center bg-orange pb-5 pt-5"
          name="รท"
          onClick={[Function]}
          type="button"
        >
          รท
        </button>
      </div>
      <div
        className="row border-bottom border-secondary"
      >
        <button
          className="col-md-3 border-right border-secondary text-center bg-grey pb-5 pt-5"
          name="7"
          onClick={[Function]}
          type="button"
        >
          7
        </button>
        <button
          className="col-md-3 border-right border-secondary text-center bg-grey pb-5 pt-5"
          name="8"
          onClick={[Function]}
          type="button"
        >
          8
        </button>
        <button
          className="col-md-3 border-right border-secondary text-center bg-grey pb-5 pt-5"
          name="9"
          onClick={[Function]}
          type="button"
        >
          9
        </button>
        <button
          className="col-md-3 border-right border-secondary text-center bg-orange pb-5 pt-5"
          name="x"
          onClick={[Function]}
          type="button"
        >
          x
        </button>
      </div>
      <div
        className="row border-bottom border-secondary"
      >
        <button
          className="col-md-3 border-right border-secondary text-center bg-grey pb-5 pt-5"
          name="4"
          onClick={[Function]}
          type="button"
        >
          4
        </button>
        <button
          className="col-md-3 border-right border-secondary text-center bg-grey pb-5 pt-5"
          name="5"
          onClick={[Function]}
          type="button"
        >
          5
        </button>
        <button
          className="col-md-3 border-right border-secondary text-center bg-grey pb-5 pt-5"
          name="6"
          onClick={[Function]}
          type="button"
        >
          6
        </button>
        <button
          className="col-md-3 border-right border-secondary text-center bg-orange pb-5 pt-5"
          name="-"
          onClick={[Function]}
          type="button"
        >
          -
        </button>
      </div>
      <div
        className="row border-bottom border-secondary"
      >
        <button
          className="col-md-3 border-right border-secondary text-center bg-grey pb-5 pt-5"
          name="1"
          onClick={[Function]}
          type="button"
        >
          1
        </button>
        <button
          className="col-md-3 border-right border-secondary text-center bg-grey pb-5 pt-5"
          name="2"
          onClick={[Function]}
          type="button"
        >
          2
        </button>
        <button
          className="col-md-3 border-right border-secondary text-center bg-grey pb-5 pt-5"
          name="3"
          onClick={[Function]}
          type="button"
        >
          3
        </button>
        <button
          className="col-md-3 border-right border-secondary text-center bg-orange pb-5 pt-5"
          name="+"
          onClick={[Function]}
          type="button"
        >
          +
        </button>
      </div>
      <div
        className="row"
      >
        <button
          className="col-md-6 border-right border-secondary text-center bg-grey pb-5 pt-5"
          name="0"
          onClick={[Function]}
          type="button"
        >
          0
        </button>
        <button
          className="col-md-3 border-right border-secondary text-center bg-grey pb-5 pt-5"
          name="."
          onClick={[Function]}
          type="button"
        >
          .
        </button>
        <button
          className="col-md-3 border-right border-secondary text-center bg-orange pb-5 pt-5"
          name="="
          onClick={[Function]}
          type="button"
        >
          =
        </button>
      </div>
    </div>
  </div>
</nav>
`;
